 ***** BEGINNING PROGRAM NSSTAT.
 ***** BEGINNING INITIALIZATION AND INPUT OF DATA.
 *** BEGINNING SUBROUTINE OUTITL.
 TOPAZ SOFTWARE: TOPOGRAPHIC PARAMETERIZATION SOFTWARE SYSTEM
                 VERSION 3.12, AUGUST 1999
 PROGRAM NSSTAT: NETWORK AND SUBCATCHMENT STATISTICS
                 VERSION 3.10, APRIL 1999
 
 J. GARBRECHT, USDA-ARS, EL RENO, OKLAHOMA, USA.
 J. CAMPBELL, USDA-ARS, EL RENO, OKLAHOMA, USA.
 
 
 DISCLAIMER
 
 THIS PROGRAM AND ITS SUBROUTINES ARE ACCEPTED AND USED BY THE RECIPIENT UPON
 THE EXPRESS UNDERSTANDING THAT THE DEVELOPERS MAKE NO WARRANTIES, EXPRESSED
 OR IMPLIED, CONCERNING THE ACCURACY, COMPLETENESS, RELIABILITY OR
 SUITABILITY FOR ANY ONE PURPOSE, AND THAT THE DEVELOPERS SHALL BE UNDER NO
 LIABILITY TO ANY PERSON BY REASON OF ANY USE MADE THEREOF.
 
 THE SUBROUTINES IN THIS PROGRAM CANNOT BE LIFTED, EXTRACTED OR TRANSFERRED
 OUT OF THIS PROGRAM FOR USE WITH OTHER PROGRAMS OR OTHER PURPOSES BECAUSE
 INPUT VARIABLES INTO SUBROUTINES MUST HAVE BEEN PROCESSED AND ASSIGNED
 SPECIFIC VALUES BY PRECEDING SUBROUTINES THAT REFLECT PROGRAM, CODE AND
 TERRAIN SPECIFIC PARTICULARITIES.  THE USE OF A SUBROUTINE FOR OTHER PURPOSES
 THAN IN THIS PROGRAM MAY PRODUCE, AT BEST, INEXECUTABLE CODE, OR, AT WORST,
 ERRONEOUS RESULTS THAT GO UNRECOGNIZED.
 
 THE AUTHORS AND DEVELOPERS OF THIS PROGRAM AND ITS SUBROUTINES SHALL BE
 ACKNOWLEDGED WHEN THE CODE, THE MODEL AND/OR THE NUMERICAL SOLUTION
 TECHNIQUES USED HEREIN ARE DIRECTLY APPLIED IN CONJUNCTION WITH ANOTHER
 CODE, OR DESCRIBED AND/OR REFERRED TO IN A PUBLICATION OR PRESENTATION.
 
 
 
 
 TITLE OF CURRENT TOPAZ APPLICATION:
 
  DATE: 23 AUGUST 1999        DEDNM VERSION 3.1
  APPLICATION FOR TESTING AND VERIFICATION; INPUT FILE "VARIABLE".
  TESTING AND CALIBRATION.
 
 *** ENDING SUBROUTINE OUTITL.
 *** BEGINNING SUBROUTINE INPCNT.
 *** ENDING SUBROUTINE INPCNT.
 ***** BEGINNING CHANNEL EVALUATION OF RASTER NETWORK.
 === ALLOCATING ALL ARRAYS IN MODULE DTCHA1.
 *** BEGINNING SUBROUTINE IOCHA.
 *** ENDING SUBROUTINE IOCHA.
 === ALLOCATING ALL ARRAYS IN MODULE DTSTA1.
 === ALLOCATING ALL ARRAYS IN MODULE DTSTA5.
 *** BEGINNING SUBROUTINE CHANER.
 *** BEGINNING SUBROUTINE CHANMR.
 *** ENDING SUBROUTINE CHANMR.
 *** BEGINNING SUBROUTINE CHALNR.
 *** ENDING SUBROUTINE CHALNR.
 *** BEGINNING SUBROUTINE CHAELR.
 *** ENDING SUBROUTINE CHAELR.
 *** BEGINNING SUBROUTINE CHASLR.
 *** ENDING SUBROUTINE CHASLR.
 *** BEGINNING SUBROUTINE CHASWR.
 *** ENDING SUBROUTINE CHASWR.
 *** BEGINNING SUBROUTINE CHAARR.
 *** ENDING SUBROUTINE CHAARR.
 *** BEGINNING SUBROUTINE CHADDR.
 *** ENDING SUBROUTINE CHADDR.
 *** BEGINNING SUBROUTINE CHASIR.
 *** ENDING SUBROUTINE CHASIR.
 *** ENDING SUBROUTINE CHANER.
 === DE-ALLOCATING ALL ARRAYS IN MODULE DTSTA5.
 ***** BEGINNING CHANNEL EVALUATION OF BINARY NETWORK.
 === ALLOCATING ALL ARRAYS IN MODULE DTCHAB.
 === ALLOCATING ALL ARRAYS IN MODULE DTSEQ1.
 *** BEGINNING SUBROUTINE IOCHAB.
 *** ENDING SUBROUTINE IOCHAB.
 === ALLOCATING ALL ARRAYS IN MODULE DTSTA3.
 === ALLOCATING ALL ARRAYS IN MODULE DTSTA6.
 *** BEGINNING SUBROUTINE CHANEB.
 *** BEGINNING SUBROUTINE CHANMB.
 *** ENDING SUBROUTINE CHANMB.
 *** BEGINNING SUBROUTINE CHALNB.
 *** ENDING SUBROUTINE CHALNB.
 *** BEGINNING SUBROUTINE CHAELB.
 *** ENDING SUBROUTINE CHAELB.
 *** BEGINNING SUBROUTINE CHASLB.
 *** ENDING SUBROUTINE CHASLB.
 *** BEGINNING SUBROUTINE CHASWB.
 *** ENDING SUBROUTINE CHASWB.
 *** BEGINNING SUBROUTINE CHAARB.
 *** ENDING SUBROUTINE CHAARB.
 *** BEGINNING SUBROUTINE CHADDB.
 *** ENDING SUBROUTINE CHADDB.
 *** ENDING SUBROUTINE CHANEB.
 === DE-ALLOCATING ALL ARRAYS IN MODULE DTSTA6.
 ***** BEGINNING OUTPUT OF RASTER AND BINARY CHANNEL PARAMETERS.
 *** BEGINNING SUBROUTINE OTCHAN.
 *** ENDING SUBROUTINE OTCHAN.
 ***** BEGINNING SUBCATCHMENT EVALUATION FOR RASTER AND BINARY NETWORKS.
 === ALLOCATING ALL ARRAYS IN MODULE DTCAT1.
 *** BEGINNING SUBROUTINE IOCAT.
 *** ENDING SUBROUTINE IOCAT.
 === ALLOCATING ALL ARRAYS IN MODULE DTSBV1.
 *** BEGINNING SUBROUTINE SUBER.
 *** ENDING SUBROUTINE SUBER.
 === DE-ALLOCATING ALL ARRAYS IN MODULE DTSTA1.
 === DE-ALLOCATING ALL ARRAYS IN MODULE DTCHA1.
 === DE-ALLOCATING ALL ARRAYS IN MODULE DTCAT1.
 === ALLOCATING ALL ARRAYS IN MODULE DTCATB.
 *** BEGINNING SUBROUTINE IOCTB.
 *** ENDING SUBROUTINE IOCTB.
 === ALLOCATING ALL ARRAYS IN MODULE DTSBV3.
 *** BEGINNING SUBROUTINE SUBEB.
 *** ENDING SUBROUTINE SUBEB.
 === DE-ALLOCATING ALL ARRAYS IN MODULE DTSTA3.
 === DE-ALLOCATING ALL ARRAYS IN MODULE DTSEQ1.
 === DE-ALLOCATING ALL ARRAYS IN MODULE DTCATB.
 *** BEGINNING SUBROUTINE OTSBCA.
 *** ENDING SUBROUTINE OTSBCA.
 === DE-ALLOCATING ALL ARRAYS IN MODULE DTCHAB.
 === DE-ALLOCATING ALL ARRAYS IN MODULE DTSBV3.
 === DE-ALLOCATING ALL ARRAYS IN MODULE DTSBV1.
 *** BEGINING SUBROUTINE IOCNT.
 *** ENDING SUBROUTINE IOCNT.
 ***** ENDING PROGRAM NSSTAT.
